2022-05-31 14:48:15,584 : Ошибка при загрузке файла
